// Jest Snapshot v1, https://goo.gl/fbAQLP

exports[`matches snapshot 1`] = `
<DocumentFragment>
  <div
    class="App"
  >
    <form>
      <label
        for="color"
      >
        Box Color
      </label>
      <input
        id="color"
        name="color"
        placeholder="color"
        type="text"
        value=""
      />
      <br />
      <label
        for="width"
      >
        Box Width
      </label>
      <input
        id="width"
        name="width"
        placeholder="width"
        type="text"
        value=""
      />
      <br />
      <label
        for="height"
      >
        Box Height
      </label>
      <input
        id="height"
        name="height"
        placeholder="height"
        type="text"
        value=""
      />
      <br />
      <button>
        Add New Box
      </button>
    </form>
  </div>
</DocumentFragment>
`;
