// Jest Snapshot v1, https://goo.gl/fbAQLP

exports[`matches snapshot 1`] = `
<DocumentFragment>
  <div
    class="App"
  >
    <div>
      <h1>
        Todo List
      </h1>
      <form>
        <label
          for="todo"
        >
          Task
        </label>
        <input
          id="todo"
          name="todo"
          placeholder="todo"
          type="text"
          value=""
        />
        <button>
          Add
        </button>
      </form>
      <ul />
    </div>
  </div>
</DocumentFragment>
`;
